// Jest Snapshot v1, https://goo.gl/fbAQLP

exports[`FacebookPage should render correctly 1`] = `
<Page>
  <withRouter(WithStyles(PageHeader)) />
  <h1>
    Facebook
  </h1>
  <WithStyles(Fab)
    color="primary"
    onClick={[Function]}
  >
    RESIZE IMAGE
  </WithStyles(Fab)>
  <p>
    Is Error: 
    No
  </p>
  <p>
    Error Message: 
  </p>
</Page>
`;
